// Jest Snapshot v1, https://goo.gl/fbAQLP

exports[`Branding page renders 1`] = `
<Branding>
  <div
    className="branding-form"
  >
    <h2>
      B&B details
    </h2>
    <div
      className="input-group mb-3"
    >
      <div
        className="input-group-prepend"
      >
        <span
          className="input-group-text"
        >
          Name
        </span>
      </div>
      <input
        className="form-control"
        id="name"
        onChange={[Function]}
        placeholder="Enter B&B name"
        type="text"
      />
    </div>
    <div
      className="input-group mb-3"
    >
      <div
        className="input-group-prepend"
      >
        <span
          className="input-group-text"
        >
          Logo
        </span>
      </div>
      <input
        className="form-control"
        id="logoUrl"
        onChange={[Function]}
        placeholder="Enter image url"
        type="text"
        value=""
      />
    </div>
    <div
      className="input-group"
    >
      <div
        className="input-group-prepend"
      >
        <span
          className="input-group-text"
        >
          Description
        </span>
      </div>
      <textarea
        className="form-control"
        id="description"
        onChange={[Function]}
        rows="5"
        value=""
      />
    </div>
    <br />
    <h2>
      Map details
    </h2>
    <div
      className="input-group mb-3"
    >
      <div
        className="input-group-prepend"
      >
        <span
          className="input-group-text"
        >
          Latitude
        </span>
      </div>
      <input
        className="form-control"
        id="latitude"
        onChange={[Function]}
        placeholder="Enter Latitude"
        type="text"
        value={0}
      />
    </div>
    <div
      className="input-group mb-3"
    >
      <div
        className="input-group-prepend"
      >
        <span
          className="input-group-text"
        >
          Longitude
        </span>
      </div>
      <input
        className="form-control"
        id="longitude"
        onChange={[Function]}
        placeholder="Enter Longitude"
        type="text"
        value={0}
      />
    </div>
    <br />
    <h2>
      Contact details
    </h2>
    <div
      className="input-group mb-3"
    >
      <div
        className="input-group-prepend"
      >
        <span
          className="input-group-text"
        >
          Name
        </span>
      </div>
      <input
        className="form-control"
        id="contactName"
        onChange={[Function]}
        placeholder="Enter Contact Name"
        type="text"
        value=""
      />
    </div>
    <div
      className="input-group mb-3"
    >
      <div
        className="input-group-prepend"
      >
        <span
          className="input-group-text"
        >
          Address
        </span>
      </div>
      <input
        className="form-control"
        id="contactAddress"
        onChange={[Function]}
        placeholder="Enter Address"
        type="text"
        value=""
      />
    </div>
    <div
      className="input-group mb-3"
    >
      <div
        className="input-group-prepend"
      >
        <span
          className="input-group-text"
        >
          Phone
        </span>
      </div>
      <input
        className="form-control"
        id="contactPhone"
        onChange={[Function]}
        placeholder="Enter Phone Number"
        type="text"
        value=""
      />
    </div>
    <div
      className="input-group mb-3"
    >
      <div
        className="input-group-prepend"
      >
        <span
          className="input-group-text"
        >
          Email
        </span>
      </div>
      <input
        className="form-control"
        id="contactEmail"
        onChange={[Function]}
        placeholder="Enter Email Address"
        type="email"
        value=""
      />
    </div>
    <button
      className="btn btn-primary"
      onClick={[Function]}
      type="submit"
    >
      Submit
    </button>
  </div>
</Branding>
`;
