// Jest Snapshot v1, https://goo.gl/fbAQLP

exports[`Contact form can be submitted 1`] = `
<div
  className="row contact"
>
  <div
    className="col-sm-1"
  />
  <div
    className="col-sm-5"
  >
    <div
      style={
        Object {
          "height": "412px",
        }
      }
    >
      <h2>
        Thanks for getting in touch 
        Mark
        !
      </h2>
      <p>
        We'll get back to you about
      </p>
      <p
        style={
          Object {
            "fontWeight": "bold",
          }
        }
      >
        I want to book a room
      </p>
      <p>
        as soon as possible.
      </p>
    </div>
  </div>
  <div
    className="col-sm-5"
  >
    <p>
      <span
        className="fa fa-home"
      />
       
      Shady Meadows B&B
    </p>
    <p>
      <span />
       
      The Old Farmhouse, Shady Street, Newfordburyshire, NE1 410S
    </p>
    <p>
      <span
        className="fa fa-phone"
      />
       
      0123456789
    </p>
    <p>
      <span
        className="fa fa-envelope"
      />
       
      fake@fakeemail.com
    </p>
  </div>
  <div
    className="col-sm-1"
  />
</div>
`;

exports[`Contact form returns error messages 1`] = `
<div
  className="row contact"
>
  <div
    className="col-sm-1"
  />
  <div
    className="col-sm-5"
  >
    <form>
      <div
        className="input-group mb-3"
      >
        <div
          className="input-group-prepend"
        >
          <span
            className="input-group-text"
            id="basic-addon1"
          >
            <span
              className="fa fa-id-card"
            />
          </span>
        </div>
        <input
          aria-describedby="basic-addon1"
          aria-label="Name"
          className="form-control"
          id="name"
          onChange={[Function]}
          placeholder="Name"
          type="text"
        />
        <div
          className="invalid-feedback"
          key="name0"
        >
          Name must be at least 3 characters long
        </div>
      </div>
      <div
        className="input-group mb-3"
      >
        <div
          className="input-group-prepend"
        >
          <span
            className="input-group-text"
            id="basic-addon1"
          >
            <span
              className="fa fa-envelope"
            />
          </span>
        </div>
        <input
          aria-describedby="basic-addon1"
          aria-label="Email"
          className="form-control"
          id="email"
          onChange={[Function]}
          placeholder="Email"
          type="text"
        />
        <div
          className="invalid-feedback"
          key="email0"
        >
          Email is not a valid email
        </div>
      </div>
      <div
        className="input-group mb-3"
      >
        <div
          className="input-group-prepend"
        >
          <span
            className="input-group-text"
            id="basic-addon1"
          >
            <span
              className="fa fa-phone"
            />
          </span>
        </div>
        <input
          aria-describedby="basic-addon1"
          aria-label="Phone"
          className="form-control"
          id="phone"
          onChange={[Function]}
          placeholder="Phone"
          type="text"
        />
        <div
          className="invalid-feedback"
          key="phone0"
        >
          Phone is not a number
        </div>
        <div
          className="invalid-feedback"
          key="phone1"
        >
          Phone must be at least 11 digits long
        </div>
      </div>
      <div
        className="input-group mb-3"
      >
        <div
          className="input-group-prepend"
        >
          <span
            className="input-group-text"
            id="basic-addon1"
          >
            <span
              className="fa fa-envelope"
            />
          </span>
        </div>
        <input
          aria-describedby="basic-addon1"
          aria-label="Subject"
          className="form-control"
          id="subject"
          onChange={[Function]}
          placeholder="Subject"
          type="text"
        />
        <div
          className="invalid-feedback"
          key="subject0"
        >
          Subject must be at least 20 characters long
        </div>
      </div>
      <div
        className="input-group"
      >
        <div
          className="input-group-prepend"
        >
          <span
            className="input-group-text"
          >
            Message
          </span>
        </div>
        <textarea
          aria-label="Message"
          className="form-control"
          id="message"
          onChange={[Function]}
          rows="5"
        />
        <div
          className="invalid-feedback"
          key="message0"
        >
          Message must be at least 20 characters long
        </div>
      </div>
      <br />
      <button
        className="btn btn-outline-secondary float-right"
        id="submitContact"
        onClick={[Function]}
        type="button"
      >
        Submit
      </button>
    </form>
  </div>
  <div
    className="col-sm-5"
  >
    <p>
      <span
        className="fa fa-home"
      />
       
      Mark
    </p>
    <p>
      <span />
       
    </p>
    <p>
      <span
        className="fa fa-phone"
      />
       
      074123291234
    </p>
    <p>
      <span
        className="fa fa-envelope"
      />
       
      mark@email.com
    </p>
  </div>
  <div
    className="col-sm-1"
  />
</div>
`;
