// Jest Snapshot v1, https://goo.gl/fbAQLP

exports[`Hotels list component 1`] = `
<div
  className="row detail booking-1"
>
  <div>
    <div
      className="col-sm-2"
    >
      <p>
        James
      </p>
    </div>
    <div
      className="col-sm-2"
    >
      <p>
        Dean
      </p>
    </div>
    <div
      className="col-sm-1"
    >
      <p>
        100
      </p>
    </div>
    <div
      className="col-sm-2"
    >
      <p>
        true
      </p>
    </div>
    <div
      className="col-sm-2"
    >
      <p>
        2018-02-26
      </p>
    </div>
    <div
      className="col-sm-2"
    >
      <p>
        2018-02-26
      </p>
    </div>
    <div
      className="col-sm-1"
    >
      <span
        className="glyphicon glyphicon-pencil bookingEdit"
        onClick={[Function]}
        style={
          Object {
            "paddingRight": "10px",
          }
        }
      />
      <span
        className="glyphicon glyphicon-trash bookingDelete"
        onClick={[Function]}
      />
    </div>
  </div>
</div>
`;
