// Jest Snapshot v1, https://goo.gl/fbAQLP

exports[`Hotels list component 1`] = `
<div>
  <div
    className="row"
  >
    <div
      className="col-sm-1 rowHeader"
    >
      <p>
        Room #
      </p>
    </div>
    <div
      className="col-sm-2 rowHeader"
    >
      <p>
        Type
      </p>
    </div>
    <div
      className="col-sm-1 rowHeader"
    >
      <p>
        Beds
      </p>
    </div>
    <div
      className="col-sm-1 rowHeader"
    >
      <p>
        Access?
      </p>
    </div>
    <div
      className="col-sm-6 rowHeader"
    >
      <p>
        Room details
      </p>
    </div>
    <div
      className="col-sm-1"
    />
  </div>
  <RoomForm
    updateRooms={[Function]}
  />
</div>
`;
