// Jest Snapshot v1, https://goo.gl/fbAQLP

exports[`Login component is created 1`] = `
<div
  style={
    Object {
      "marginTop": "10%",
    }
  }
>
  <div
    className="row"
  >
    <div
      className="col-sm-2"
    />
    <div
      className="col-sm-8"
      style={
        Object {
          "textAlign": "center",
        }
      }
    >
      <h2>
        Welcome to the Shady Meadows 
        <br />
         booking management system
      </h2>
    </div>
    <div
      className="col-sm-2"
    />
  </div>
  <div
    className="row"
  >
    <div
      className="col-sm-4"
    />
    <div
      className="col-sm-4"
    >
      <form>
        <div
          className="form-group"
        >
          <input
            className="form-control"
            id="username"
            onChange={[Function]}
            placeholder="Username"
            style={
              Object {
                "border": "1px solid grey",
              }
            }
            type="text"
          />
        </div>
        <div
          className="form-group"
        >
          <input
            className="form-control"
            id="password"
            onChange={[Function]}
            placeholder="Password"
            style={
              Object {
                "border": "1px solid grey",
              }
            }
            type="password"
          />
        </div>
        <button
          className="btn btn-primary"
          onClick={[Function]}
          type="submit"
        >
          Login
        </button>
      </form>
    </div>
    <div
      className="col-sm-4"
    />
  </div>
</div>
`;
