// Jest Snapshot v1, https://goo.gl/fbAQLP

exports[`Clicking message shows message popup 1`] = `
<div>
  <div
    className="messages"
  >
    <div
      className="row"
    >
      <div
        className="col-sm-2 rowHeader"
      >
        <p>
          Name
        </p>
      </div>
      <div
        className="col-sm-9 rowHeader"
      >
        <p>
          Subject
        </p>
      </div>
      <div
        className="col-sm-1"
      />
    </div>
    <div
      className="row detail read-true"
      id="message0"
      key="0"
    >
      <div
        className="col-sm-2"
        onClick={[Function]}
      >
        <p>
          Mark Winteringham
        </p>
      </div>
      <div
        className="col-sm-9"
        onClick={[Function]}
      >
        <p>
          Subject description here
        </p>
      </div>
      <div
        className="col-sm-1"
      >
        <span
          className="fa fa-remove roomDelete"
          onClick={[Function]}
        />
      </div>
    </div>
    <div
      className="row detail read-false"
      id="message1"
      key="1"
    >
      <div
        className="col-sm-2"
        onClick={[Function]}
      >
        <p>
          James Dean
        </p>
      </div>
      <div
        className="col-sm-9"
        onClick={[Function]}
      >
        <p>
          Another description here
        </p>
      </div>
      <div
        className="col-sm-1"
      >
        <span
          className="fa fa-remove roomDelete"
          onClick={[Function]}
        />
      </div>
    </div>
    <div
      className="row detail read-true"
      id="message2"
      key="2"
    >
      <div
        className="col-sm-2"
        onClick={[Function]}
      >
        <p>
          Janet Samson
        </p>
      </div>
      <div
        className="col-sm-9"
        onClick={[Function]}
      >
        <p>
          Lorem ipsum dolores est
        </p>
      </div>
      <div
        className="col-sm-1"
      >
        <span
          className="fa fa-remove roomDelete"
          onClick={[Function]}
        />
      </div>
    </div>
  </div>
</div>
`;

exports[`Renders the list of messages correctly 1`] = `
<div>
  <div
    className="messages"
  >
    <div
      className="row"
    >
      <div
        className="col-sm-2 rowHeader"
      >
        <p>
          Name
        </p>
      </div>
      <div
        className="col-sm-9 rowHeader"
      >
        <p>
          Subject
        </p>
      </div>
      <div
        className="col-sm-1"
      />
    </div>
    <div
      className="row detail read-true"
      id="message0"
      key="0"
    >
      <div
        className="col-sm-2"
        onClick={[Function]}
      >
        <p>
          Mark Winteringham
        </p>
      </div>
      <div
        className="col-sm-9"
        onClick={[Function]}
      >
        <p>
          Subject description here
        </p>
      </div>
      <div
        className="col-sm-1"
      >
        <span
          className="fa fa-remove roomDelete"
          onClick={[Function]}
        />
      </div>
    </div>
    <div
      className="row detail read-false"
      id="message1"
      key="1"
    >
      <div
        className="col-sm-2"
        onClick={[Function]}
      >
        <p>
          James Dean
        </p>
      </div>
      <div
        className="col-sm-9"
        onClick={[Function]}
      >
        <p>
          Another description here
        </p>
      </div>
      <div
        className="col-sm-1"
      >
        <span
          className="fa fa-remove roomDelete"
          onClick={[Function]}
        />
      </div>
    </div>
    <div
      className="row detail read-true"
      id="message2"
      key="2"
    >
      <div
        className="col-sm-2"
        onClick={[Function]}
      >
        <p>
          Janet Samson
        </p>
      </div>
      <div
        className="col-sm-9"
        onClick={[Function]}
      >
        <p>
          Lorem ipsum dolores est
        </p>
      </div>
      <div
        className="col-sm-1"
      >
        <span
          className="fa fa-remove roomDelete"
          onClick={[Function]}
        />
      </div>
    </div>
  </div>
</div>
`;
