// Jest Snapshot v1, https://goo.gl/fbAQLP

exports[`Clicking message shows message popup 1`] = `
<div>
  <div
    className="messages"
  >
    <div
      className="row"
    >
      <div
        className="col-sm-2 rowHeader"
      >
        <p>
          Name
        </p>
      </div>
      <div
        className="col-sm-9 rowHeader"
      >
        <p>
          Subject
        </p>
      </div>
      <div
        className="col-sm-1"
      />
    </div>
  </div>
</div>
`;
