// Jest Snapshot v1, https://goo.gl/fbAQLP

exports[`Multiple reports can be created in the Report component 1`] = `
<div>
  <ForwardRef
    defaultView="month"
    events={
      Array [
        Object {
          "end": "2019-04-03",
          "start": "2019-04-01",
          "title": "101",
        },
        Object {
          "end": "2019-04-04",
          "start": "2019-04-02",
          "title": "102",
        },
        Object {
          "end": "2019-04-04",
          "start": "2019-04-02",
          "title": "103",
        },
      ]
    }
    localizer={
      DateLocalizer {
        "format": [Function],
        "formats": Object {
          "agendaDateFormat": "ddd MMM DD",
          "agendaHeaderFormat": [Function],
          "agendaTimeFormat": "LT",
          "agendaTimeRangeFormat": [Function],
          "dateFormat": "DD",
          "dayFormat": "DD ddd",
          "dayHeaderFormat": "dddd MMM DD",
          "dayRangeHeaderFormat": [Function],
          "eventTimeRangeEndFormat": [Function],
          "eventTimeRangeFormat": [Function],
          "eventTimeRangeStartFormat": [Function],
          "monthHeaderFormat": "MMMM YYYY",
          "selectRangeFormat": [Function],
          "timeGutterFormat": "LT",
          "weekdayFormat": "ddd",
        },
        "propType": [Function],
        "startOfWeek": [Function],
      }
    }
    onSelectSlot={[Function]}
    popup={true}
    selectable={true}
    style={
      Object {
        "height": "75vh",
      }
    }
    views={
      Array [
        "month",
      ]
    }
  />
</div>
`;
