// Jest Snapshot v1, https://goo.gl/fbAQLP

exports[`Multiple reports can be created in the Report component 1`] = `
<div>
  <ForwardRef
    defaultView="month"
    events={
      Array [
        Object {
          "end": "2019-04-03",
          "start": "2019-04-01",
          "title": "101",
        },
        Object {
          "end": "2019-04-04",
          "start": "2019-04-02",
          "title": "102",
        },
        Object {
          "end": "2019-04-04",
          "start": "2019-04-02",
          "title": "103",
        },
      ]
    }
    localizer={
      DateLocalizer {
        "add": [Function],
        "ceil": [Function],
        "continuesAfter": [Function],
        "continuesPrior": [Function],
        "diff": [Function],
        "endOf": [Function],
        "eq": [Function],
        "firstVisibleDay": [Function],
        "format": [Function],
        "formats": Object {
          "agendaDateFormat": "ddd MMM DD",
          "agendaHeaderFormat": [Function],
          "agendaTimeFormat": "LT",
          "agendaTimeRangeFormat": [Function],
          "dateFormat": "DD",
          "dayFormat": "DD ddd",
          "dayHeaderFormat": "dddd MMM DD",
          "dayRangeHeaderFormat": [Function],
          "eventTimeRangeEndFormat": [Function],
          "eventTimeRangeFormat": [Function],
          "eventTimeRangeStartFormat": [Function],
          "monthHeaderFormat": "MMMM YYYY",
          "selectRangeFormat": [Function],
          "timeGutterFormat": "LT",
          "weekdayFormat": "ddd",
        },
        "getDstOffset": [Function],
        "getMinutesFromMidnight": [Function],
        "getSlotDate": [Function],
        "getTimezoneOffset": [Function],
        "getTotalMin": [Function],
        "gt": [Function],
        "gte": [Function],
        "inEventRange": [Function],
        "inRange": [Function],
        "isSameDate": [Function],
        "lastVisibleDay": [Function],
        "lt": [Function],
        "lte": [Function],
        "max": [Function],
        "merge": [Function],
        "min": [Function],
        "minutes": [Function],
        "neq": [Function],
        "propType": [Function],
        "range": [Function],
        "segmentOffset": 0,
        "sortEvents": [Function],
        "startAndEndAreDateOnly": [Function],
        "startOf": [Function],
        "startOfWeek": [Function],
        "visibleDays": [Function],
      }
    }
    onSelectSlot={[Function]}
    popup={true}
    selectable={true}
    style={
      Object {
        "height": "75vh",
      }
    }
    views={
      Array [
        "month",
      ]
    }
  />
</div>
`;
